Archive member included because of file (symbol)

/home/gazpar/workspace/gcc-arm-none-eabi-4_9-2014q4/bin/../lib/gcc/arm-none-eabi/4.9.3/../../../../arm-none-eabi/lib/armv7e-m/fpu/libg.a(lib_a-errno.o)
                              ./system/src/newlib/_sbrk.o (__errno)
/home/gazpar/workspace/gcc-arm-none-eabi-4_9-2014q4/bin/../lib/gcc/arm-none-eabi/4.9.3/../../../../arm-none-eabi/lib/armv7e-m/fpu/libg.a(lib_a-impure.o)
                              /home/gazpar/workspace/gcc-arm-none-eabi-4_9-2014q4/bin/../lib/gcc/arm-none-eabi/4.9.3/../../../../arm-none-eabi/lib/armv7e-m/fpu/libg.a(lib_a-errno.o) (_impure_ptr)
/home/gazpar/workspace/gcc-arm-none-eabi-4_9-2014q4/bin/../lib/gcc/arm-none-eabi/4.9.3/../../../../arm-none-eabi/lib/armv7e-m/fpu/libg.a(lib_a-memcpy.o)
                              ./FreeRTOS/queue.o (memcpy)
/home/gazpar/workspace/gcc-arm-none-eabi-4_9-2014q4/bin/../lib/gcc/arm-none-eabi/4.9.3/../../../../arm-none-eabi/lib/armv7e-m/fpu/libg.a(lib_a-strlen.o)
                              ./system/src/diag/Trace.o (strlen)
/home/gazpar/workspace/gcc-arm-none-eabi-4_9-2014q4/bin/../lib/gcc/arm-none-eabi/4.9.3/../../../../arm-none-eabi/lib/armv7e-m/fpu/libg.a(lib_a-vsnprintf.o)
                              ./system/src/diag/Trace.o (vsnprintf)
/home/gazpar/workspace/gcc-arm-none-eabi-4_9-2014q4/bin/../lib/gcc/arm-none-eabi/4.9.3/../../../../arm-none-eabi/lib/armv7e-m/fpu/libg.a(lib_a-svfprintf.o)
                              /home/gazpar/workspace/gcc-arm-none-eabi-4_9-2014q4/bin/../lib/gcc/arm-none-eabi/4.9.3/../../../../arm-none-eabi/lib/armv7e-m/fpu/libg.a(lib_a-vsnprintf.o) (_svfprintf_r)
/home/gazpar/workspace/gcc-arm-none-eabi-4_9-2014q4/bin/../lib/gcc/arm-none-eabi/4.9.3/../../../../arm-none-eabi/lib/armv7e-m/fpu/libg.a(lib_a-dtoa.o)
                              /home/gazpar/workspace/gcc-arm-none-eabi-4_9-2014q4/bin/../lib/gcc/arm-none-eabi/4.9.3/../../../../arm-none-eabi/lib/armv7e-m/fpu/libg.a(lib_a-svfprintf.o) (_dtoa_r)
/home/gazpar/workspace/gcc-arm-none-eabi-4_9-2014q4/bin/../lib/gcc/arm-none-eabi/4.9.3/../../../../arm-none-eabi/lib/armv7e-m/fpu/libg.a(lib_a-locale.o)
                              /home/gazpar/workspace/gcc-arm-none-eabi-4_9-2014q4/bin/../lib/gcc/arm-none-eabi/4.9.3/../../../../arm-none-eabi/lib/armv7e-m/fpu/libg.a(lib_a-svfprintf.o) (_localeconv_r)
/home/gazpar/workspace/gcc-arm-none-eabi-4_9-2014q4/bin/../lib/gcc/arm-none-eabi/4.9.3/../../../../arm-none-eabi/lib/armv7e-m/fpu/libg.a(lib_a-mallocr.o)
                              /home/gazpar/workspace/gcc-arm-none-eabi-4_9-2014q4/bin/../lib/gcc/arm-none-eabi/4.9.3/../../../../arm-none-eabi/lib/armv7e-m/fpu/libg.a(lib_a-svfprintf.o) (_malloc_r)
/home/gazpar/workspace/gcc-arm-none-eabi-4_9-2014q4/bin/../lib/gcc/arm-none-eabi/4.9.3/../../../../arm-none-eabi/lib/armv7e-m/fpu/libg.a(lib_a-memchr.o)
                              /home/gazpar/workspace/gcc-arm-none-eabi-4_9-2014q4/bin/../lib/gcc/arm-none-eabi/4.9.3/../../../../arm-none-eabi/lib/armv7e-m/fpu/libg.a(lib_a-svfprintf.o) (memchr)
/home/gazpar/workspace/gcc-arm-none-eabi-4_9-2014q4/bin/../lib/gcc/arm-none-eabi/4.9.3/../../../../arm-none-eabi/lib/armv7e-m/fpu/libg.a(lib_a-mlock.o)
                              /home/gazpar/workspace/gcc-arm-none-eabi-4_9-2014q4/bin/../lib/gcc/arm-none-eabi/4.9.3/../../../../arm-none-eabi/lib/armv7e-m/fpu/libg.a(lib_a-mallocr.o) (__malloc_lock)
/home/gazpar/workspace/gcc-arm-none-eabi-4_9-2014q4/bin/../lib/gcc/arm-none-eabi/4.9.3/../../../../arm-none-eabi/lib/armv7e-m/fpu/libg.a(lib_a-mprec.o)
                              /home/gazpar/workspace/gcc-arm-none-eabi-4_9-2014q4/bin/../lib/gcc/arm-none-eabi/4.9.3/../../../../arm-none-eabi/lib/armv7e-m/fpu/libg.a(lib_a-dtoa.o) (_Balloc)
/home/gazpar/workspace/gcc-arm-none-eabi-4_9-2014q4/bin/../lib/gcc/arm-none-eabi/4.9.3/../../../../arm-none-eabi/lib/armv7e-m/fpu/libg.a(lib_a-s_fpclassify.o)
                              /home/gazpar/workspace/gcc-arm-none-eabi-4_9-2014q4/bin/../lib/gcc/arm-none-eabi/4.9.3/../../../../arm-none-eabi/lib/armv7e-m/fpu/libg.a(lib_a-svfprintf.o) (__fpclassifyd)
/home/gazpar/workspace/gcc-arm-none-eabi-4_9-2014q4/bin/../lib/gcc/arm-none-eabi/4.9.3/../../../../arm-none-eabi/lib/armv7e-m/fpu/libg.a(lib_a-sbrkr.o)
                              /home/gazpar/workspace/gcc-arm-none-eabi-4_9-2014q4/bin/../lib/gcc/arm-none-eabi/4.9.3/../../../../arm-none-eabi/lib/armv7e-m/fpu/libg.a(lib_a-mallocr.o) (_sbrk_r)
/home/gazpar/workspace/gcc-arm-none-eabi-4_9-2014q4/bin/../lib/gcc/arm-none-eabi/4.9.3/../../../../arm-none-eabi/lib/armv7e-m/fpu/libg.a(lib_a-strcmp.o)
                              /home/gazpar/workspace/gcc-arm-none-eabi-4_9-2014q4/bin/../lib/gcc/arm-none-eabi/4.9.3/../../../../arm-none-eabi/lib/armv7e-m/fpu/libg.a(lib_a-locale.o) (strcmp)
/home/gazpar/workspace/gcc-arm-none-eabi-4_9-2014q4/bin/../lib/gcc/arm-none-eabi/4.9.3/../../../../arm-none-eabi/lib/armv7e-m/fpu/libg.a(lib_a-svfiprintf.o)
[...]
Memory Configuration

Name             Origin             Length             Attributes
RAM              0x20000000         0x0000a000         xrw
CCMRAM           0x10000000         0x00002000         xrw
FLASH            0x08000000         0x00040000         xr
FLASHB1          0x00000000         0x00000000         xr
EXTMEMB0         0x00000000         0x00000000         xr
EXTMEMB1         0x00000000         0x00000000         xr
EXTMEMB2         0x00000000         0x00000000         xr
EXTMEMB3         0x00000000         0x00000000         xr
MEMORY_ARRAY     0x20002000         0x00000000         xrw
*default*        0x00000000         0xffffffff

Linker script and memory map

LOAD ./system/src/stm32f3-stdperiph/stm32f30x_exti.o
LOAD ./system/src/stm32f3-stdperiph/stm32f30x_gpio.o
LOAD ./system/src/stm32f3-stdperiph/stm32f30x_misc.o
LOAD ./system/src/stm32f3-stdperiph/stm32f30x_rcc.o
LOAD ./system/src/stm32f3-stdperiph/stm32f30x_syscfg.o
LOAD ./system/src/stm32f3-stdperiph/stm32f30x_usart.o
LOAD ./system/src/newlib/_cxx.o
LOAD ./system/src/newlib/_exit.o
LOAD ./system/src/newlib/_sbrk.o
LOAD ./system/src/newlib/_startup.o
LOAD ./system/src/newlib/_syscalls.o
LOAD ./system/src/newlib/assert.o
LOAD ./system/src/diag/Trace.o
LOAD ./system/src/diag/trace_impl.o
LOAD ./system/src/cortexm/_initialize_hardware.o
LOAD ./system/src/cortexm/_reset_hardware.o
LOAD ./system/src/cortexm/exception_handlers.o
LOAD ./system/src/cmsis/system_stm32f30x.o
LOAD ./system/src/cmsis/vectors_stm32f30x.o
LOAD ./src/_write.o
LOAD ./src/main.o
LOAD ./FreeRTOS/croutine.o
LOAD ./FreeRTOS/event_groups.o
LOAD ./FreeRTOS/heap_2.o
LOAD ./FreeRTOS/list.o
LOAD ./FreeRTOS/port.o
LOAD ./FreeRTOS/queue.o
LOAD ./FreeRTOS/tasks.o
LOAD ./FreeRTOS/timers.o
LOAD /home/gazpar/workspace/gcc-arm-none-eabi-4_9-2014q4/bin/../lib/gcc/arm-none-eabi/4.9.3/../../../../arm-none-eabi/lib/armv7e-m/fpu/libstdc++.a
LOAD /home/gazpar/workspace/gcc-arm-none-eabi-4_9-2014q4/bin/../lib/gcc/arm-none-eabi/4.9.3/../../../../arm-none-eabi/lib/armv7e-m/fpu/libm.a
START GROUP
LOAD /home/gazpar/workspace/gcc-arm-none-eabi-4_9-2014q4/bin/../lib/gcc/arm-none-eabi/4.9.3/armv7e-m/fpu/libgcc.a
LOAD /home/gazpar/workspace/gcc-arm-none-eabi-4_9-2014q4/bin/../lib/gcc/arm-none-eabi/4.9.3/../../../../arm-none-eabi/lib/armv7e-m/fpu/libg.a
LOAD /home/gazpar/workspace/gcc-arm-none-eabi-4_9-2014q4/bin/../lib/gcc/arm-none-eabi/4.9.3/../../../../arm-none-eabi/lib/armv7e-m/fpu/libc.a
END GROUP
                0x2000a000                __stack = (ORIGIN (RAM) + 0xa000)
                0x2000a000                _estack = __stack
                0x00000400                __Main_Stack_Size = 0x400
                0x00000400                PROVIDE (_Main_Stack_Size, __Main_Stack_Size)
                0x20009c00                __Main_Stack_Limit = (__stack - __Main_Stack_Size)
                0x20009c00                PROVIDE (_Main_Stack_Limit, __Main_Stack_Limit)
                0x00000100                _Minimum_Stack_Size = 0x100
                0x200052b8                PROVIDE (_Heap_Begin, _end_noinit)
                0x20009c00                PROVIDE (_Heap_Limit, (__stack - __Main_Stack_Size))

.isr_vector     0x08000000      0x2f0
 FILL mask 0xff
                0x08000000                __vectors_start__ = ABSOLUTE (.)
 *(.isr_vector)
 .isr_vector    0x08000000      0x188 ./system/src/cmsis/vectors_stm32f30x.o
                0x08000000                __isr_vectors
 *(.cfmconfig)
 *(.after_vectors .after_vectors.*)
 .after_vectors
                0x08000188      0x138 ./system/src/newlib/_startup.o
                0x08000188                _start
 .after_vectors
                0x080002c0       0x2c ./system/src/cortexm/exception_handlers.o
                0x080002c0                Reset_Handler
                0x080002c8                NMI_Handler
                0x080002cc                HardFault_Handler
                0x080002d0                MemManage_Handler
                0x080002d4                BusFault_Handler
                0x080002d8                UsageFault_Handler
                0x080002e0                DebugMon_Handler
 .after_vectors
                0x080002ec        0x4 ./system/src/cmsis/vectors_stm32f30x.o
                0x080002ec                RTC_Alarm_IRQHandler
                0x080002ec                TIM8_TRG_COM_IRQHandler
                0x080002ec                TIM8_CC_IRQHandler
                0x080002ec                TIM1_CC_IRQHandler
                0x080002ec                USB_HP_IRQHandler
                0x080002ec                PVD_IRQHandler
                0x080002ec                EXTI3_IRQHandler
                0x080002ec                EXTI0_IRQHandler
                0x080002ec                I2C2_EV_IRQHandler
                0x080002ec                FPU_IRQHandler
                0x080002ec                EXTI2_TS_IRQHandler
                0x080002ec                TIM1_UP_TIM16_IRQHandler
                0x080002ec                ADC1_2_IRQHandler
                0x080002ec                SPI1_IRQHandler
                0x080002ec                TIM6_DAC_IRQHandler
                0x080002ec                TIM8_UP_IRQHandler
                0x080002ec                DMA2_Channel2_IRQHandler
                0x080002ec                DMA1_Channel4_IRQHandler
                0x080002ec                USART3_IRQHandler
                0x080002ec                DMA1_Channel7_IRQHandler
                0x080002ec                CAN1_RX1_IRQHandler
                0x080002ec                UART5_IRQHandler
                0x080002ec                ADC3_IRQHandler
                0x080002ec                TIM4_IRQHandler
                0x080002ec                DMA2_Channel1_IRQHandler
                0x080002ec                I2C1_EV_IRQHandler
                0x080002ec                DMA1_Channel6_IRQHandler
                0x080002ec                UART4_IRQHandler
                0x080002ec                DMA2_Channel4_IRQHandler
                0x080002ec                TIM3_IRQHandler
                0x080002ec                RCC_IRQHandler
                0x080002ec                DMA1_Channel1_IRQHandler
                0x080002ec                Default_Handler
                0x080002ec                USBWakeUp_RMP_IRQHandler
                0x080002ec                EXTI15_10_IRQHandler
                0x080002ec                TIM7_IRQHandler
                0x080002ec                EXTI9_5_IRQHandler
                0x080002ec                TAMPER_STAMP_IRQHandler
                0x080002ec                RTC_WKUP_IRQHandler
                0x080002ec                SPI2_IRQHandler
                0x080002ec                DMA2_Channel5_IRQHandler
                0x080002ec                DMA1_Channel5_IRQHandler
                0x080002ec                USB_LP_IRQHandler
                0x080002ec                EXTI4_IRQHandler
                0x080002ec                USB_LP_CAN1_RX0_IRQHandler
                0x080002ec                TIM1_TRG_COM_TIM17_IRQHandler
                0x080002ec                USB_HP_CAN1_TX_IRQHandler
                0x080002ec                DMA1_Channel3_IRQHandler
                0x080002ec                ADC4_IRQHandler
                0x080002ec                WWDG_IRQHandler
                0x080002ec                TIM2_IRQHandler
                0x080002ec                COMP7_IRQHandler
                0x080002ec                COMP1_2_3_IRQHandler
                0x080002ec                EXTI1_IRQHandler
                0x080002ec                USART2_IRQHandler
                0x080002ec                COMP4_5_6_IRQHandler
                0x080002ec                I2C2_ER_IRQHandler
                0x080002ec                DMA1_Channel2_IRQHandler
                0x080002ec                TIM8_BRK_IRQHandler
                0x080002ec                CAN1_SCE_IRQHandler
                0x080002ec                FLASH_IRQHandler
                0x080002ec                USART1_IRQHandler
                0x080002ec                SPI3_IRQHandler
                0x080002ec                I2C1_ER_IRQHandler
                0x080002ec                USBWakeUp_IRQHandler
                0x080002ec                DMA2_Channel3_IRQHandler
                0x080002ec                TIM1_BRK_TIM15_IRQHandler

.inits          0x080002f0       0x28
                0x080002f0                __data_regions_array_start = .
                0x080002f0        0x4 LONG 0x80066f4 LOADADDR (.data)
                0x080002f4        0x4 LONG 0x20000000 ADDR (.data)
                0x080002f8        0x4 LONG 0x200008d0 (ADDR (.data) + SIZEOF (.data))
                0x080002fc        0x4 LONG 0x80066f4 LOADADDR (.data_CCMRAM)
                0x08000300        0x4 LONG 0x10000000 ADDR (.data_CCMRAM)
                0x08000304        0x4 LONG 0x10000000 (ADDR (.data_CCMRAM) + SIZEOF (.data_CCMRAM))
                0x08000308                __data_regions_array_end = .
                0x08000308                __bss_regions_array_start = .
                0x08000308        0x4 LONG 0x200008d0 ADDR (.bss)
                0x0800030c        0x4 LONG 0x200052b8 (ADDR (.bss) + SIZEOF (.bss))
                0x08000310        0x4 LONG 0x10000000 ADDR (.bss_CCMRAM)
                0x08000314        0x4 LONG 0x10000000 (ADDR (.bss_CCMRAM) + SIZEOF (.bss_CCMRAM))
                0x08000318                __bss_regions_array_end = .
 *(.init)
 *(.fini)
                0x08000318                . = ALIGN (0x4)
                0x08000318                PROVIDE (__preinit_array_start, .)
 *(.preinit_array_sysinit .preinit_array_sysinit.*)
 *(.preinit_array_platform .preinit_array_platform.*)
 *(.preinit_array .preinit_array.*)
                0x08000318                PROVIDE (__preinit_array_end, .)
                0x08000318                . = ALIGN (0x4)
                0x08000318                PROVIDE (__init_array_start, .)
 *(SORT(.init_array.*))
 *(.init_array)
                0x08000318                PROVIDE (__init_array_end, .)
                0x08000318                . = ALIGN (0x4)
                0x08000318                PROVIDE (__fini_array_start, .)
 *(SORT(.fini_array.*))
 *(.fini_array)
                0x08000318                PROVIDE (__fini_array_end, .)

.flashtext
 *(.flashtext .flashtext.*)

.text           0x08000318     0x63d4
 *(.text .text.*)
 .text.GPIO_Init
                0x08000318      0x14c ./system/src/stm32f3-stdperiph/stm32f30x_gpio.o
                0x08000318                GPIO_Init
 .text.GPIO_SetBits
                0x08000464       0x54 ./system/src/stm32f3-stdperiph/stm32f30x_gpio.o
                0x08000464                GPIO_SetBits
 .text.GPIO_ResetBits
                0x080004b8       0x54 ./system/src/stm32f3-stdperiph/stm32f30x_gpio.o
                0x080004b8                GPIO_ResetBits
 .text.GPIO_PinAFConfig
                0x0800050c       0x90 ./system/src/stm32f3-stdperiph/stm32f30x_gpio.o
                0x0800050c                GPIO_PinAFConfig
 .text.RCC_GetClocksFreq
                0x0800059c      0x29c ./system/src/stm32f3-stdperiph/stm32f30x_rcc.o
                0x0800059c                RCC_GetClocksFreq
 .text.RCC_AHBPeriphClockCmd
                0x08000838       0x50 ./system/src/stm32f3-stdperiph/stm32f30x_rcc.o
                0x08000838                RCC_AHBPeriphClockCmd
 .text.RCC_APB2PeriphClockCmd
                0x08000888       0x50 ./system/src/stm32f3-stdperiph/stm32f30x_rcc.o
                0x08000888                RCC_APB2PeriphClockCmd
 .text.RCC_APB1PeriphClockCmd
                0x080008d8       0x50 ./system/src/stm32f3-stdperiph/stm32f30x_rcc.o
                0x080008d8                RCC_APB1PeriphClockCmd
 .text.USART_Init
                0x08000928      0x168 ./system/src/stm32f3-stdperiph/stm32f30x_usart.o
                0x08000928                USART_Init
 .text.USART_Cmd
                0x08000a90       0x64 ./system/src/stm32f3-stdperiph/stm32f30x_usart.o
                0x08000a90                USART_Cmd
 .text.USART_SendData
                0x08000af4       0x58 ./system/src/stm32f3-stdperiph/stm32f30x_usart.o
                0x08000af4                USART_SendData
 .text.USART_GetFlagStatus
                0x08000b4c       0xc8 ./system/src/stm32f3-stdperiph/stm32f30x_usart.o
                0x08000b4c                USART_GetFlagStatus
 .text._exit    0x08000c14        0x4 ./system/src/newlib/_exit.o
                0x08000c14                _exit
 .text.abort    0x08000c18       0x14 ./system/src/newlib/_exit.o
                0x08000c18                abort
 .text._sbrk    0x08000c2c       0x40 ./system/src/newlib/_sbrk.o
                0x08000c2c                _sbrk
 .text.__initialize_args
                0x08000c6c       0x10 ./system/src/newlib/_syscalls.o
                0x08000c6c                __initialize_args
 .text.assert_failed
                0x08000c7c       0x14 ./system/src/newlib/assert.o
                0x08000c7c                assert_failed
 .text.trace_printf
                0x08000c90       0x30 ./system/src/diag/Trace.o
                0x08000c90                trace_printf
 .text.trace_puts
                0x08000cc0       0x20 ./system/src/diag/Trace.o
                0x08000cc0                trace_puts
 .text.trace_write
                0x08000ce0       0x58 ./system/src/diag/trace_impl.o
                0x08000ce0                trace_write
 .text.__initialize_hardware_early
                0x08000d38       0x1c ./system/src/cortexm/_initialize_hardware.o
                0x08000d38                __initialize_hardware_early
 .text.__initialize_hardware
                0x08000d54        0x4 ./system/src/cortexm/_initialize_hardware.o
                0x08000d54                __initialize_hardware
 .text.SystemInit
                0x08000d58      0x110 ./system/src/cmsis/system_stm32f30x.o
                0x08000d58                SystemInit
 .text.SystemCoreClockUpdate
                0x08000e68       0x60 ./system/src/cmsis/system_stm32f30x.o
                0x08000e68                SystemCoreClockUpdate
 .text.vTaskSENDREAD
                0x08000ec8       0x44 ./src/main.o
                0x08000ec8                vTaskSENDREAD
 .text.vTaskLED1
                0x08000f0c       0x2c ./src/main.o
                0x08000f0c                vTaskLED1
 .text.vTaskLED2
                0x08000f38       0x28 ./src/main.o
                0x08000f38                vTaskLED2
 .text.Init_ALL
                0x08000f60       0xbc ./src/main.o
                0x08000f60                Init_ALL
 .text.startup.main
                0x0800101c       0x70 ./src/main.o
                0x0800101c                main
 .text.pvPortMalloc
                0x0800108c       0xc0 ./FreeRTOS/heap_2.o
                0x0800108c                pvPortMalloc
 .text.vPortFree
                0x0800114c       0x40 ./FreeRTOS/heap_2.o
                0x0800114c                vPortFree
 .text.vListInitialise
                0x0800118c       0x18 ./FreeRTOS/list.o
                0x0800118c                vListInitialise
 .text.vListInitialiseItem
                0x080011a4        0x8 ./FreeRTOS/list.o
                0x080011a4                vListInitialiseItem
 .text.vListInsertEnd
                0x080011ac       0x20 ./FreeRTOS/list.o
                0x080011ac                vListInsertEnd
 .text.vListInsert
                0x080011cc       0x34 ./FreeRTOS/list.o
                0x080011cc                vListInsert
 .text.uxListRemove
                0x08001200       0x28 ./FreeRTOS/list.o
                0x08001200                uxListRemove
 .text.prvTaskExitError
                0x08001228       0x14 ./FreeRTOS/port.o
 .text.prvPortStartFirstTask
                0x0800123c       0x20 ./FreeRTOS/port.o
 .text.vPortEnableVFP
                0x0800125c       0x14 ./FreeRTOS/port.o
 .text.pxPortInitialiseStack
                0x08001270       0x2c ./FreeRTOS/port.o
                0x08001270                pxPortInitialiseStack
 .text.SVC_Handler
                0x0800129c       0x20 ./FreeRTOS/port.o
                0x0800129c                SVC_Handler
 .text.vPortEnterCritical
                0x080012bc       0x20 ./FreeRTOS/port.o
                0x080012bc                vPortEnterCritical
 .text.vPortExitCritical
                0x080012dc       0x14 ./FreeRTOS/port.o
                0x080012dc                vPortExitCritical
 .text.PendSV_Handler
                0x080012f0       0x60 ./FreeRTOS/port.o
                0x080012f0                PendSV_Handler
 .text.SysTick_Handler
                0x08001350       0x30 ./FreeRTOS/port.o
                0x08001350                SysTick_Handler
 .text.vPortSetupTimerInterrupt
                0x08001380       0x1c ./FreeRTOS/port.o
                0x08001380                vPortSetupTimerInterrupt
 .text.xPortStartScheduler
                0x0800139c       0x40 ./FreeRTOS/port.o
                0x0800139c                xPortStartScheduler
 .text.prvIdleTask
                0x080013dc       0x24 ./FreeRTOS/tasks.o
 .text.prvAddCurrentTaskToDelayedList
                0x08001400       0x4c ./FreeRTOS/tasks.o
 .text.xTaskGenericCreate
                0x0800144c      0x1cc ./FreeRTOS/tasks.o
                0x0800144c                xTaskGenericCreate
 .text.vTaskStartScheduler
                0x08001618       0x58 ./FreeRTOS/tasks.o
                0x08001618                vTaskStartScheduler
 .text.vTaskSuspendAll
                0x08001670       0x10 ./FreeRTOS/tasks.o
                0x08001670                vTaskSuspendAll
 .text.xTaskIncrementTick
                0x08001680      0x140 ./FreeRTOS/tasks.o
                0x08001680                xTaskIncrementTick
 .text.xTaskResumeAll
                0x080017c0       0xe8 ./FreeRTOS/tasks.o
                0x080017c0                xTaskResumeAll
 .text.vTaskDelay
                0x080018a8       0x6c ./FreeRTOS/tasks.o
                0x080018a8                vTaskDelay
 .text.vTaskSwitchContext
                0x08001914       0x5c ./FreeRTOS/tasks.o
                0x08001914                vTaskSwitchContext
 .text.__errno  0x08001970        0xc /home/gazpar/workspace/gcc-arm-none-eabi-4_9-2014q4/bin/../lib/gcc/arm-none-eabi/4.9.3/../../../../arm-none-eabi/lib/armv7e-m/fpu/libg.a(lib_a-errno.o)
                0x08001970                __errno
 .text          0x0800197c      0x134 /home/gazpar/workspace/gcc-arm-none-eabi-4_9-2014q4/bin/../lib/gcc/arm-none-eabi/4.9.3/../../../../arm-none-eabi/lib/armv7e-m/fpu/libg.a(lib_a-memcpy.o)
                0x0800197c                memcpy
 .text.strlen   0x08001ab0       0x5c /home/gazpar/workspace/gcc-arm-none-eabi-4_9-2014q4/bin/../lib/gcc/arm-none-eabi/4.9.3/../../../../arm-none-eabi/lib/armv7e-m/fpu/libg.a(lib_a-strlen.o)
                0x08001ab0                strlen
 .text._vsnprintf_r
                0x08001b0c       0x74 /home/gazpar/workspace/gcc-arm-none-eabi-4_9-2014q4/bin/../lib/gcc/arm-none-eabi/4.9.3/../../../../arm-none-eabi/lib/armv7e-m/fpu/libg.a(lib_a-vsnprintf.o)
                0x08001b0c                _vsnprintf_r
 .text.vsnprintf
                0x08001b80       0x20 /home/gazpar/workspace/gcc-arm-none-eabi-4_9-2014q4/bin/../lib/gcc/arm-none-eabi/4.9.3/../../../../arm-none-eabi/lib/armv7e-m/fpu/libg.a(lib_a-vsnprintf.o)
                0x08001b80                vsnprintf
 .text._svfprintf_r
                0x08001ba0     0x14d0 /home/gazpar/workspace/gcc-arm-none-eabi-4_9-2014q4/bin/../lib/gcc/arm-none-eabi/4.9.3/../../../../arm-none-eabi/lib/armv7e-m/fpu/libg.a(lib_a-svfprintf.o)
                0x08001ba0                _svfprintf_r
 .text.quorem   0x08003070      0x12c /home/gazpar/workspace/gcc-arm-none-eabi-4_9-2014q4/bin/../lib/gcc/arm-none-eabi/4.9.3/../../../../arm-none-eabi/lib/armv7e-m/fpu/libg.a(lib_a-dtoa.o)
 *fill*         0x0800319c        0x4 
 .text._dtoa_r  0x080031a0      0xea8 /home/gazpar/workspace/gcc-arm-none-eabi-4_9-2014q4/bin/../lib/gcc/arm-none-eabi/4.9.3/../../../../arm-none-eabi/lib/armv7e-m/fpu/libg.a(lib_a-dtoa.o)
                0x080031a0                _dtoa_r
 .text._localeconv_r
                0x08004048        0x8 /home/gazpar/workspace/gcc-arm-none-eabi-4_9-2014q4/bin/../lib/gcc/arm-none-eabi/4.9.3/../../../../arm-none-eabi/lib/armv7e-m/fpu/libg.a(lib_a-locale.o)
                0x08004048                _localeconv_r
 .text._malloc_r
                0x08004050      0x51c /home/gazpar/workspace/gcc-arm-none-eabi-4_9-2014q4/bin/../lib/gcc/arm-none-eabi/4.9.3/../../../../arm-none-eabi/lib/armv7e-m/fpu/libg.a(lib_a-mallocr.o)
                0x08004050                _malloc_r
 .text.memchr   0x0800456c       0x94 /home/gazpar/workspace/gcc-arm-none-eabi-4_9-2014q4/bin/../lib/gcc/arm-none-eabi/4.9.3/../../../../arm-none-eabi/lib/armv7e-m/fpu/libg.a(lib_a-memchr.o)
                0x0800456c                memchr
 .text.__malloc_lock
                0x08004600        0x4 /home/gazpar/workspace/gcc-arm-none-eabi-4_9-2014q4/bin/../lib/gcc/arm-none-eabi/4.9.3/../../../../arm-none-eabi/lib/armv7e-m/fpu/libg.a(lib_a-mlock.o)
                0x08004600                __malloc_lock
 .text.__malloc_unlock
                0x08004604        0x4 /home/gazpar/workspace/gcc-arm-none-eabi-4_9-2014q4/bin/../lib/gcc/arm-none-eabi/4.9.3/../../../../arm-none-eabi/lib/armv7e-m/fpu/libg.a(lib_a-mlock.o)
                0x08004604                __malloc_unlock
 .text._Balloc  0x08004608       0x4c /home/gazpar/workspace/gcc-arm-none-eabi-4_9-2014q4/bin/../lib/gcc/arm-none-eabi/4.9.3/../../../../arm-none-eabi/lib/armv7e-m/fpu/libg.a(lib_a-mprec.o)
                0x08004608                _Balloc
 .text._Bfree   0x08004654       0x14 /home/gazpar/workspace/gcc-arm-none-eabi-4_9-2014q4/bin/../lib/gcc/arm-none-eabi/4.9.3/../../../../arm-none-eabi/lib/armv7e-m/fpu/libg.a(lib_a-mprec.o)
                0x08004654                _Bfree
 .text.__multadd
                0x08004668       0x84 /home/gazpar/workspace/gcc-arm-none-eabi-4_9-2014q4/bin/../lib/gcc/arm-none-eabi/4.9.3/../../../../arm-none-eabi/lib/armv7e-m/fpu/libg.a(lib_a-mprec.o)
                0x08004668                __multadd
 .text.__hi0bits
                0x080046ec       0x40 /home/gazpar/workspace/gcc-arm-none-eabi-4_9-2014q4/bin/../lib/gcc/arm-none-eabi/4.9.3/../../../../arm-none-eabi/lib/armv7e-m/fpu/libg.a(lib_a-mprec.o)
                0x080046ec                __hi0bits
 .text.__lo0bits
                0x0800472c       0x5c /home/gazpar/workspace/gcc-arm-none-eabi-4_9-2014q4/bin/../lib/gcc/arm-none-eabi/4.9.3/../../../../arm-none-eabi/lib/armv7e-m/fpu/libg.a(lib_a-mprec.o)
                0x0800472c                __lo0bits
 .text.__i2b    0x08004788       0x14 /home/gazpar/workspace/gcc-arm-none-eabi-4_9-2014q4/bin/../lib/gcc/arm-none-eabi/4.9.3/../../../../arm-none-eabi/lib/armv7e-m/fpu/libg.a(lib_a-mprec.o)
                0x08004788                __i2b
 .text.__multiply
                0x0800479c      0x134 /home/gazpar/workspace/gcc-arm-none-eabi-4_9-2014q4/bin/../lib/gcc/arm-none-eabi/4.9.3/../../../../arm-none-eabi/lib/armv7e-m/fpu/libg.a(lib_a-mprec.o)
                0x0800479c                __multiply
 .text.__pow5mult
                0x080048d0       0xa0 /home/gazpar/workspace/gcc-arm-none-eabi-4_9-2014q4/bin/../lib/gcc/arm-none-eabi/4.9.3/../../../../arm-none-eabi/lib/armv7e-m/fpu/libg.a(lib_a-mprec.o)
                0x080048d0                __pow5mult
 .text.__lshift
                0x08004970       0xac /home/gazpar/workspace/gcc-arm-none-eabi-4_9-2014q4/bin/../lib/gcc/arm-none-eabi/4.9.3/../../../../arm-none-eabi/lib/armv7e-m/fpu/libg.a(lib_a-mprec.o)
                0x08004970                __lshift
 .text.__mcmp   0x08004a1c       0x48 /home/gazpar/workspace/gcc-arm-none-eabi-4_9-2014q4/bin/../lib/gcc/arm-none-eabi/4.9.3/../../../../arm-none-eabi/lib/armv7e-m/fpu/libg.a(lib_a-mprec.o)
                0x08004a1c                __mcmp
 .text.__mdiff  0x08004a64       0xd4 /home/gazpar/workspace/gcc-arm-none-eabi-4_9-2014q4/bin/../lib/gcc/arm-none-eabi/4.9.3/../../../../arm-none-eabi/lib/armv7e-m/fpu/libg.a(lib_a-mprec.o)
                0x08004a64                __mdiff
 .text.__d2b    0x08004b38       0xbc /home/gazpar/workspace/gcc-arm-none-eabi-4_9-2014q4/bin/../lib/gcc/arm-none-eabi/4.9.3/../../../../arm-none-eabi/lib/armv7e-m/fpu/libg.a(lib_a-mprec.o)
                0x08004b38                __d2b
 .text.__fpclassifyd
                0x08004bf4       0x5c /home/gazpar/workspace/gcc-arm-none-eabi-4_9-2014q4/bin/../lib/gcc/arm-none-eabi/4.9.3/../../../../arm-none-eabi/lib/armv7e-m/fpu/libg.a(lib_a-s_fpclassify.o)
                0x08004bf4                __fpclassifyd
 .text._sbrk_r  0x08004c50       0x24 /home/gazpar/workspace/gcc-arm-none-eabi-4_9-2014q4/bin/../lib/gcc/arm-none-eabi/4.9.3/../../../../arm-none-eabi/lib/armv7e-m/fpu/libg.a(lib_a-sbrkr.o)
                0x08004c50                _sbrk_r
 .text.__ssprint_r
                0x08004c74      0x104 /home/gazpar/workspace/gcc-arm-none-eabi-4_9-2014q4/bin/../lib/gcc/arm-none-eabi/4.9.3/../../../../arm-none-eabi/lib/armv7e-m/fpu/libg.a(lib_a-svfiprintf.o)
                0x08004c74                __ssprint_r
 .text._calloc_r
                0x08004d78       0x60 /home/gazpar/workspace/gcc-arm-none-eabi-4_9-2014q4/bin/../lib/gcc/arm-none-eabi/4.9.3/../../../../arm-none-eabi/lib/armv7e-m/fpu/libg.a(lib_a-callocr.o)
                0x08004d78                _calloc_r
 .text._malloc_trim_r
                0x08004dd8       0x9c /home/gazpar/workspace/gcc-arm-none-eabi-4_9-2014q4/bin/../lib/gcc/arm-none-eabi/4.9.3/../../../../arm-none-eabi/lib/armv7e-m/fpu/libg.a(lib_a-freer.o)
                0x08004dd8                _malloc_trim_r
 .text._free_r  0x08004e74      0x1b0 /home/gazpar/workspace/gcc-arm-none-eabi-4_9-2014q4/bin/../lib/gcc/arm-none-eabi/4.9.3/../../../../arm-none-eabi/lib/armv7e-m/fpu/libg.a(lib_a-freer.o)
                0x08004e74                _free_r
 .text.memmove  0x08005024       0xc8 /home/gazpar/workspace/gcc-arm-none-eabi-4_9-2014q4/bin/../lib/gcc/arm-none-eabi/4.9.3/../../../../arm-none-eabi/lib/armv7e-m/fpu/libg.a(lib_a-memmove.o)
                0x08005024                memmove
 .text.memset   0x080050ec       0x9c /home/gazpar/workspace/gcc-arm-none-eabi-4_9-2014q4/bin/../lib/gcc/arm-none-eabi/4.9.3/../../../../arm-none-eabi/lib/armv7e-m/fpu/libg.a(lib_a-memset.o)
                0x080050ec                memset
 .text._realloc_r
                0x08005188      0x3ec /home/gazpar/workspace/gcc-arm-none-eabi-4_9-2014q4/bin/../lib/gcc/arm-none-eabi/4.9.3/../../../../arm-none-eabi/lib/armv7e-m/fpu/libg.a(lib_a-reallocr.o)
                0x08005188                _realloc_r
 .text          0x08005574      0x370 /home/gazpar/workspace/gcc-arm-none-eabi-4_9-2014q4/bin/../lib/gcc/arm-none-eabi/4.9.3/armv7e-m/fpu/libgcc.a(_arm_addsubdf3.o)
                0x08005574                __aeabi_drsub
                0x0800557c                __aeabi_dsub
                0x0800557c                __subdf3
                0x08005580                __adddf3
                0x08005580                __aeabi_dadd
                0x080057f8                __aeabi_ui2d
                0x080057f8                __floatunsidf
                0x08005818                __floatsidf
                0x08005818                __aeabi_i2d
                0x0800583c                __extendsfdf2
                0x0800583c                __aeabi_f2d
                0x08005878                __aeabi_ul2d
                0x08005878                __floatundidf
                0x08005888                __floatdidf
                0x08005888                __aeabi_l2d
 .text          0x080058e4      0x424 /home/gazpar/workspace/gcc-arm-none-eabi-4_9-2014q4/bin/../lib/gcc/arm-none-eabi/4.9.3/armv7e-m/fpu/libgcc.a(_arm_muldivdf3.o)
                0x080058e4                __aeabi_dmul
                0x080058e4                __muldf3
                0x08005b38                __aeabi_ddiv
                0x08005b38                __divdf3
 .text          0x08005d08      0x110 /home/gazpar/workspace/gcc-arm-none-eabi-4_9-2014q4/bin/../lib/gcc/arm-none-eabi/4.9.3/armv7e-m/fpu/libgcc.a(_arm_cmpdf2.o)
                0x08005d08                __gtdf2
                0x08005d08                __gedf2
                0x08005d10                __ltdf2
                0x08005d10                __ledf2
                0x08005d18                __cmpdf2
                0x08005d18                __eqdf2
                0x08005d18                __nedf2
                0x08005d94                __aeabi_cdrcmple
                0x08005da4                __aeabi_cdcmple
                0x08005da4                __aeabi_cdcmpeq
                0x08005db4                __aeabi_dcmpeq
                0x08005dc8                __aeabi_dcmplt
                0x08005ddc                __aeabi_dcmple
                0x08005df0                __aeabi_dcmpge
                0x08005e04                __aeabi_dcmpgt
 .text          0x08005e18       0x50 /home/gazpar/workspace/gcc-arm-none-eabi-4_9-2014q4/bin/../lib/gcc/arm-none-eabi/4.9.3/armv7e-m/fpu/libgcc.a(_arm_fixdfsi.o)
                0x08005e18                __fixdfsi
                0x08005e18                __aeabi_d2iz
 .text          0x08005e68       0x2c /home/gazpar/workspace/gcc-arm-none-eabi-4_9-2014q4/bin/../lib/gcc/arm-none-eabi/4.9.3/armv7e-m/fpu/libgcc.a(_aeabi_uldivmod.o)
                0x08005e68                __aeabi_uldivmod
 .text          0x08005e94       0x60 /home/gazpar/workspace/gcc-arm-none-eabi-4_9-2014q4/bin/../lib/gcc/arm-none-eabi/4.9.3/armv7e-m/fpu/libgcc.a(bpabi.o)
                0x08005e94                __gnu_ldivmod_helper
                0x08005ec4                __gnu_uldivmod_helper
 .text          0x08005ef4        0x4 /home/gazpar/workspace/gcc-arm-none-eabi-4_9-2014q4/bin/../lib/gcc/arm-none-eabi/4.9.3/armv7e-m/fpu/libgcc.a(_dvmd_tls.o)
                0x08005ef4                __aeabi_ldiv0
                0x08005ef4                __aeabi_idiv0
 .text          0x08005ef8      0x29c /home/gazpar/workspace/gcc-arm-none-eabi-4_9-2014q4/bin/../lib/gcc/arm-none-eabi/4.9.3/armv7e-m/fpu/libgcc.a(_divdi3.o)
                0x08005ef8                __divdi3
 .text          0x08006194      0x26c /home/gazpar/workspace/gcc-arm-none-eabi-4_9-2014q4/bin/../lib/gcc/arm-none-eabi/4.9.3/armv7e-m/fpu/libgcc.a(_udivdi3.o)
                0x08006194                __udivdi3
 *(.rodata .rodata.* .constdata .constdata.*)
 .rodata.str1.4
                0x08006400       0x31 ./system/src/stm32f3-stdperiph/stm32f30x_gpio.o
                                 0x34 (size before relaxing)
 *fill*         0x08006431        0x3 
 .rodata.str1.4
                0x08006434       0x30 ./system/src/stm32f3-stdperiph/stm32f30x_rcc.o
 .rodata.str1.4
                0x08006464       0x32 ./system/src/stm32f3-stdperiph/stm32f30x_usart.o
                                 0x34 (size before relaxing)
 *fill*         0x08006496        0x2 
 .rodata.str1.4
                0x08006498       0x14 ./system/src/newlib/_exit.o
 .rodata.str1.4
                0x080064ac       0x6b ./system/src/newlib/assert.o
                                 0x70 (size before relaxing)
 *fill*         0x08006517        0x1 
 .rodata.str1.4
                0x08006518       0x29 ./system/src/diag/Trace.o
                                 0x30 (size before relaxing)
 *fill*         0x08006541        0x3 
 .rodata.str1.4
                0x08006544       0x1f ./src/main.o
                                 0x20 (size before relaxing)
 *fill*         0x08006563        0x1 
 .rodata.str1.4
                0x08006564        0x5 ./FreeRTOS/tasks.o
                                  0x8 (size before relaxing)
 *fill*         0x08006569        0x3 
 .rodata.str1.4
                0x0800656c        0x2 /home/gazpar/workspace/gcc-arm-none-eabi-4_9-2014q4/bin/../lib/gcc/arm-none-eabi/4.9.3/../../../../arm-none-eabi/lib/armv7e-m/fpu/libg.a(lib_a-impure.o)
                                  0x4 (size before relaxing)
 *fill*         0x0800656e        0x2 
 .rodata.blanks.6794
                0x08006570       0x10 /home/gazpar/workspace/gcc-arm-none-eabi-4_9-2014q4/bin/../lib/gcc/arm-none-eabi/4.9.3/../../../../arm-none-eabi/lib/armv7e-m/fpu/libg.a(lib_a-svfprintf.o)
 .rodata.str1.4
                0x08006580       0x42 /home/gazpar/workspace/gcc-arm-none-eabi-4_9-2014q4/bin/../lib/gcc/arm-none-eabi/4.9.3/../../../../arm-none-eabi/lib/armv7e-m/fpu/libg.a(lib_a-svfprintf.o)
                                 0x44 (size before relaxing)
 *fill*         0x080065c2        0x2 
 .rodata.zeroes.6795
                0x080065c4       0x10 /home/gazpar/workspace/gcc-arm-none-eabi-4_9-2014q4/bin/../lib/gcc/arm-none-eabi/4.9.3/../../../../arm-none-eabi/lib/armv7e-m/fpu/libg.a(lib_a-svfprintf.o)
 .rodata.str1.4
                0x080065d4       0x10 /home/gazpar/workspace/gcc-arm-none-eabi-4_9-2014q4/bin/../lib/gcc/arm-none-eabi/4.9.3/../../../../arm-none-eabi/lib/armv7e-m/fpu/libg.a(lib_a-dtoa.o)
                                 0x14 (size before relaxing)
 .rodata.str1.4
                0x080065e4        0xc /home/gazpar/workspace/gcc-arm-none-eabi-4_9-2014q4/bin/../lib/gcc/arm-none-eabi/4.9.3/../../../../arm-none-eabi/lib/armv7e-m/fpu/libg.a(lib_a-locale.o)
                                 0x14 (size before relaxing)
 .rodata.__mprec_tens
                0x080065f0       0xc8 /home/gazpar/workspace/gcc-arm-none-eabi-4_9-2014q4/bin/../lib/gcc/arm-none-eabi/4.9.3/../../../../arm-none-eabi/lib/armv7e-m/fpu/libg.a(lib_a-mprec.o)
                0x080065f0                __mprec_tens
 .rodata.__mprec_bigtens
                0x080066b8       0x28 /home/gazpar/workspace/gcc-arm-none-eabi-4_9-2014q4/bin/../lib/gcc/arm-none-eabi/4.9.3/../../../../arm-none-eabi/lib/armv7e-m/fpu/libg.a(lib_a-mprec.o)
                0x080066b8                __mprec_bigtens
 .rodata.p05.5265
                0x080066e0        0xc /home/gazpar/workspace/gcc-arm-none-eabi-4_9-2014q4/bin/../lib/gcc/arm-none-eabi/4.9.3/../../../../arm-none-eabi/lib/armv7e-m/fpu/libg.a(lib_a-mprec.o)
 *(vtable)
 *(.eh_frame*)
 .eh_frame      0x080066ec        0x0 /home/gazpar/workspace/gcc-arm-none-eabi-4_9-2014q4/bin/../lib/gcc/arm-none-eabi/4.9.3/../../../../arm-none-eabi/lib/armv7e-m/fpu/libg.a(lib_a-strcmp.o)
                                 0x70 (size before relaxing)
 *(.glue_7)
 .glue_7        0x00000000        0x0 linker stubs
 *(.glue_7t)
 .glue_7t       0x00000000        0x0 linker stubs

.vfp11_veneer   0x080066ec        0x0
 .vfp11_veneer  0x00000000        0x0 linker stubs

.v4_bx          0x080066ec        0x0
 .v4_bx         0x00000000        0x0 linker stubs

.iplt           0x080066ec        0x0
 .iplt          0x00000000        0x0 ./system/src/stm32f3-stdperiph/stm32f30x_exti.o

.ARM.extab
 *(.ARM.extab* .gnu.linkonce.armextab.*)
                0x080066ec                . = ALIGN (0x4)
                0x080066ec                __exidx_start = .

.ARM.exidx      0x080066ec        0x8
 *(.ARM.exidx* .gnu.linkonce.armexidx.*)
 .ARM.exidx     0x080066ec        0x8 /home/gazpar/workspace/gcc-arm-none-eabi-4_9-2014q4/bin/../lib/gcc/arm-none-eabi/4.9.3/armv7e-m/fpu/libgcc.a(_divdi3.o)
 .ARM.exidx     0x080066f4        0x0 /home/gazpar/workspace/gcc-arm-none-eabi-4_9-2014q4/bin/../lib/gcc/arm-none-eabi/4.9.3/armv7e-m/fpu/libgcc.a(_udivdi3.o)
                                  0x8 (size before relaxing)
                0x080066f4                __exidx_end = .

.rel.dyn        0x080066f4        0x0
 .rel.iplt      0x00000000        0x0 ./system/src/stm32f3-stdperiph/stm32f30x_exti.o
                0x080066f4                . = ALIGN (0x4)
                0x080066f4                _etext = .
                0x080066f4                __etext = .

.data_CCMRAM    0x10000000        0x0 load address 0x080066f4
 FILL mask 0xff
 *(.data.CCMRAM .data.CCMRAM.*)
                0x10000000                . = ALIGN (0x4)
                0x080066f4                _sidata = LOADADDR (.data)

.data           0x20000000      0x8d0 load address 0x080066f4
 FILL mask 0xff
                0x20000000                _sdata = .
                0x20000000                __data_start__ = .
 *(.data_begin .data_begin.*)
 .data_begin    0x20000000        0x4 ./system/src/newlib/_startup.o
 *(.data .data.*)
 .data.ADCPrescTable
                0x20000004       0x1c ./system/src/stm32f3-stdperiph/stm32f30x_rcc.o
 .data.APBAHBPrescTable
                0x20000020       0x10 ./system/src/stm32f3-stdperiph/stm32f30x_rcc.o
 .data.argv.4510
                0x20000030        0x8 ./system/src/newlib/_syscalls.o
 .data.AHBPrescTable
                0x20000038       0x10 ./system/src/cmsis/system_stm32f30x.o
                0x20000038                AHBPrescTable
 .data.SystemCoreClock
                0x20000048        0x4 ./system/src/cmsis/system_stm32f30x.o
                0x20000048                SystemCoreClock
 .data.xFreeBytesRemaining
                0x2000004c        0x4 ./FreeRTOS/heap_2.o
 .data.uxCriticalNesting
                0x20000050        0x4 ./FreeRTOS/port.o
 .data.xNextTaskUnblockTime
                0x20000054        0x4 ./FreeRTOS/tasks.o
 .data.impure_data
                0x20000058      0x428 /home/gazpar/workspace/gcc-arm-none-eabi-4_9-2014q4/bin/../lib/gcc/arm-none-eabi/4.9.3/../../../../arm-none-eabi/lib/armv7e-m/fpu/libg.a(lib_a-impure.o)
 .data._impure_ptr
                0x20000480        0x4 /home/gazpar/workspace/gcc-arm-none-eabi-4_9-2014q4/bin/../lib/gcc/arm-none-eabi/4.9.3/../../../../arm-none-eabi/lib/armv7e-m/fpu/libg.a(lib_a-impure.o)
                0x20000480                _impure_ptr
 .data.lconv    0x20000484       0x38 /home/gazpar/workspace/gcc-arm-none-eabi-4_9-2014q4/bin/../lib/gcc/arm-none-eabi/4.9.3/../../../../arm-none-eabi/lib/armv7e-m/fpu/libg.a(lib_a-locale.o)
 .data.__malloc_av_
                0x200004bc      0x408 /home/gazpar/workspace/gcc-arm-none-eabi-4_9-2014q4/bin/../lib/gcc/arm-none-eabi/4.9.3/../../../../arm-none-eabi/lib/armv7e-m/fpu/libg.a(lib_a-mallocr.o)
                0x200004bc                __malloc_av_
 .data.__malloc_trim_threshold
                0x200008c4        0x4 /home/gazpar/workspace/gcc-arm-none-eabi-4_9-2014q4/bin/../lib/gcc/arm-none-eabi/4.9.3/../../../../arm-none-eabi/lib/armv7e-m/fpu/libg.a(lib_a-mallocr.o)
                0x200008c4                __malloc_trim_threshold
 .data.__malloc_sbrk_base
                0x200008c8        0x4 /home/gazpar/workspace/gcc-arm-none-eabi-4_9-2014q4/bin/../lib/gcc/arm-none-eabi/4.9.3/../../../../arm-none-eabi/lib/armv7e-m/fpu/libg.a(lib_a-mallocr.o)
                0x200008c8                __malloc_sbrk_base
 *(.data_end .data_end.*)
 .data_end      0x200008cc        0x4 ./system/src/newlib/_startup.o
                0x200008d0                . = ALIGN (0x4)
                0x200008d0                _edata = .
                0x200008d0                __data_end__ = .

.igot.plt       0x200008d0        0x0 load address 0x08006fc4
 .igot.plt      0x00000000        0x0 ./system/src/stm32f3-stdperiph/stm32f30x_exti.o

.bss_CCMRAM     0x10000000        0x0
 *(.bss.CCMRAM .bss.CCMRAM.*)

.bss            0x200008d0     0x49e8
                0x200008d0                __bss_start__ = .
                0x200008d0                _sbss = .
 *(.bss_begin .bss_begin.*)
 .bss_begin     0x200008d0        0x4 ./system/src/newlib/_startup.o
 *(.bss .bss.*)
 .bss.current_heap_end.4304
                0x200008d4        0x4 ./system/src/newlib/_sbrk.o
 .bss.name.4509
                0x200008d8        0x4 ./system/src/newlib/_syscalls.o
 .bss.buf.5385  0x200008dc       0x80 ./system/src/diag/Trace.o
 .bss.xStart    0x2000095c        0x8 ./FreeRTOS/heap_2.o
 .bss.ucHeap    0x20000964     0x4800 ./FreeRTOS/heap_2.o
 .bss.xEnd      0x20005164        0x8 ./FreeRTOS/heap_2.o
 .bss.xHeapHasBeenInitialised.4966
                0x2000516c        0x4 ./FreeRTOS/heap_2.o
 .bss.pxDelayedTaskList
                0x20005170        0x4 ./FreeRTOS/tasks.o
 .bss.xSchedulerRunning
                0x20005174        0x4 ./FreeRTOS/tasks.o
 .bss.xNumOfOverflows
                0x20005178        0x4 ./FreeRTOS/tasks.o
 .bss.xDelayedTaskList2
                0x2000517c       0x14 ./FreeRTOS/tasks.o
 .bss.uxPendedTicks
                0x20005190        0x4 ./FreeRTOS/tasks.o
 .bss.pxReadyTasksLists
                0x20005194       0xa0 ./FreeRTOS/tasks.o
 .bss.uxSchedulerSuspended
                0x20005234        0x4 ./FreeRTOS/tasks.o
 .bss.pxCurrentTCB
                0x20005238        0x4 ./FreeRTOS/tasks.o
                0x20005238                pxCurrentTCB
 .bss.xPendingReadyList
                0x2000523c       0x14 ./FreeRTOS/tasks.o
 .bss.xTickCount
                0x20005250        0x4 ./FreeRTOS/tasks.o
 .bss.pxOverflowDelayedTaskList
                0x20005254        0x4 ./FreeRTOS/tasks.o
 .bss.uxTaskNumber
                0x20005258        0x4 ./FreeRTOS/tasks.o
 .bss.xDelayedTaskList1
                0x2000525c       0x14 ./FreeRTOS/tasks.o
 .bss.uxCurrentNumberOfTasks
                0x20005270        0x4 ./FreeRTOS/tasks.o
 .bss.uxTopReadyPriority
                0x20005274        0x4 ./FreeRTOS/tasks.o
 .bss.xYieldPending
                0x20005278        0x4 ./FreeRTOS/tasks.o
 .bss.__malloc_max_total_mem
                0x2000527c        0x4 /home/gazpar/workspace/gcc-arm-none-eabi-4_9-2014q4/bin/../lib/gcc/arm-none-eabi/4.9.3/../../../../arm-none-eabi/lib/armv7e-m/fpu/libg.a(lib_a-mallocr.o)
                0x2000527c                __malloc_max_total_mem
 .bss.__malloc_max_sbrked_mem
                0x20005280        0x4 /home/gazpar/workspace/gcc-arm-none-eabi-4_9-2014q4/bin/../lib/gcc/arm-none-eabi/4.9.3/../../../../arm-none-eabi/lib/armv7e-m/fpu/libg.a(lib_a-mallocr.o)
                0x20005280                __malloc_max_sbrked_mem
 .bss.__malloc_top_pad
                0x20005284        0x4 /home/gazpar/workspace/gcc-arm-none-eabi-4_9-2014q4/bin/../lib/gcc/arm-none-eabi/4.9.3/../../../../arm-none-eabi/lib/armv7e-m/fpu/libg.a(lib_a-mallocr.o)
                0x20005284                __malloc_top_pad
 .bss.__malloc_current_mallinfo
                0x20005288       0x28 /home/gazpar/workspace/gcc-arm-none-eabi-4_9-2014q4/bin/../lib/gcc/arm-none-eabi/4.9.3/../../../../arm-none-eabi/lib/armv7e-m/fpu/libg.a(lib_a-mallocr.o)
                0x20005288                __malloc_current_mallinfo
 *(COMMON)
 COMMON         0x200052b0        0x4 ./system/src/newlib/_syscalls.o
                0x200052b0                errno
 *(.bss_end .bss_end.*)
 .bss_end       0x200052b4        0x4 ./system/src/newlib/_startup.o
                0x200052b8                . = ALIGN (0x4)
                0x200052b8                __bss_end__ = .
                0x200052b8                _ebss = .

.noinit_CCMRAM
 *(.noinit.CCMRAM .noinit.CCMRAM.*)

.noinit         0x200052b8        0x0
                0x200052b8                _noinit = .
 *(.noinit .noinit.*)
                0x200052b8                . = ALIGN (0x4)
                0x200052b8                _end_noinit = .
                0x200052b8                PROVIDE (end, _end_noinit)
                0x200052b8                PROVIDE (_end, _end_noinit)
                0x200052b8                PROVIDE (__end, _end_noinit)
                0x200052b8                PROVIDE (__end__, _end_noinit)

._check_stack   0x200052b8      0x100
                0x200053b8                . = (. + _Minimum_Stack_Size)
 *fill*         0x200052b8      0x100 

.b1text
 *(.b1text)
 *(.b1rodata)
 *(.b1rodata.*)

.eb0text
 *(.eb0text)
 *(.eb0rodata)
 *(.eb0rodata.*)

.eb1text
 *(.eb1text)
 *(.eb1rodata)
 *(.eb1rodata.*)

.eb2text
 *(.eb2text)
 *(.eb2rodata)
 *(.eb2rodata.*)

.eb3text
 *(.eb3text)
 *(.eb3rodata)
 *(.eb3rodata.*)

.stab
 *(.stab)

.stabstr
 *(.stabstr)

.stab.excl
 *(.stab.excl)

.stab.exclstr
 *(.stab.exclstr)

.stab.index
 *(.stab.index)

.stab.indexstr
 *(.stab.indexstr)

.comment        0x00000000       0x70
 *(.comment)
 .comment       0x00000000       0x70 ./system/src/stm32f3-stdperiph/stm32f30x_gpio.o
                                 0x71 (size before relaxing)
 .comment       0x00000000       0x71 ./system/src/stm32f3-stdperiph/stm32f30x_rcc.o
 .comment       0x00000000       0x71 ./system/src/stm32f3-stdperiph/stm32f30x_usart.o
 .comment       0x00000000       0x71 ./system/src/newlib/_exit.o
 .comment       0x00000000       0x71 ./system/src/newlib/_sbrk.o
 .comment       0x00000000       0x71 ./system/src/newlib/_startup.o
 .comment       0x00000000       0x71 ./system/src/newlib/_syscalls.o
 .comment       0x00000000       0x71 ./system/src/newlib/assert.o
 .comment       0x00000000       0x71 ./system/src/diag/Trace.o
 .comment       0x00000000       0x71 ./system/src/diag/trace_impl.o
 .comment       0x00000000       0x71 ./system/src/cortexm/_initialize_hardware.o
 .comment       0x00000000       0x71 ./system/src/cortexm/exception_handlers.o
 .comment       0x00000000       0x71 ./system/src/cmsis/system_stm32f30x.o
 .comment       0x00000000       0x71 ./system/src/cmsis/vectors_stm32f30x.o
 .comment       0x00000000       0x71 ./src/main.o
 .comment       0x00000000       0x71 ./FreeRTOS/heap_2.o
 .comment       0x00000000       0x71 ./FreeRTOS/list.o
 .comment       0x00000000       0x71 ./FreeRTOS/port.o
 .comment       0x00000000       0x71 ./FreeRTOS/tasks.o

.ARM.attributes
                0x00000000       0x37
 .ARM.attributes
                0x00000000       0x39 ./system/src/stm32f3-stdperiph/stm32f30x_gpio.o
 .ARM.attributes
                0x00000039       0x39 ./system/src/stm32f3-stdperiph/stm32f30x_rcc.o
 .ARM.attributes
                0x00000072       0x39 ./system/src/stm32f3-stdperiph/stm32f30x_usart.o
 .ARM.attributes
                0x000000ab       0x39 ./system/src/newlib/_exit.o
 .ARM.attributes
                0x000000e4       0x39 ./system/src/newlib/_sbrk.o
 .ARM.attributes
                0x0000011d       0x39 ./system/src/newlib/_startup.o
 .ARM.attributes
                0x00000156       0x39 ./system/src/newlib/_syscalls.o
 .ARM.attributes
                0x0000018f       0x39 ./system/src/newlib/assert.o
 .ARM.attributes
                0x000001c8       0x39 ./system/src/diag/Trace.o
 .ARM.attributes
                0x00000201       0x39 ./system/src/diag/trace_impl.o
 .ARM.attributes
                0x0000023a       0x39 ./system/src/cortexm/_initialize_hardware.o
 .ARM.attributes
                0x00000273       0x39 ./system/src/cortexm/exception_handlers.o
 .ARM.attributes
                0x000002ac       0x39 ./system/src/cmsis/system_stm32f30x.o
 .ARM.attributes
                0x000002e5       0x39 ./system/src/cmsis/vectors_stm32f30x.o
 .ARM.attributes
                0x0000031e       0x39 ./src/main.o
 .ARM.attributes
                0x00000357       0x39 ./FreeRTOS/heap_2.o
 .ARM.attributes
                0x00000390       0x39 ./FreeRTOS/list.o
 .ARM.attributes
                0x000003c9       0x39 ./FreeRTOS/port.o
 .ARM.attributes
                0x00000402       0x39 ./FreeRTOS/tasks.o
 .ARM.attributes
                0x0000043b       0x34 /home/gazpar/workspace/gcc-arm-none-eabi-4_9-2014q4/bin/../lib/gcc/arm-none-eabi/4.9.3/../../../../arm-none-eabi/lib/armv7e-m/fpu/libg.a(lib_a-errno.o)
 .ARM.attributes
                0x0000046f       0x34 /home/gazpar/workspace/gcc-arm-none-eabi-4_9-2014q4/bin/../lib/gcc/arm-none-eabi/4.9.3/../../../../arm-none-eabi/lib/armv7e-m/fpu/libg.a(lib_a-impure.o)
 .ARM.attributes
                0x000004a3       0x20 /home/gazpar/workspace/gcc-arm-none-eabi-4_9-2014q4/bin/../lib/gcc/arm-none-eabi/4.9.3/../../../../arm-none-eabi/lib/armv7e-m/fpu/libg.a(lib_a-memcpy.o)
 .ARM.attributes
                0x000004c3       0x34 /home/gazpar/workspace/gcc-arm-none-eabi-4_9-2014q4/bin/../lib/gcc/arm-none-eabi/4.9.3/../../../../arm-none-eabi/lib/armv7e-m/fpu/libg.a(lib_a-strlen.o)
 .ARM.attributes
                0x000004f7       0x34 /home/gazpar/workspace/gcc-arm-none-eabi-4_9-2014q4/bin/../lib/gcc/arm-none-eabi/4.9.3/../../../../arm-none-eabi/lib/armv7e-m/fpu/libg.a(lib_a-vsnprintf.o)
 .ARM.attributes
                0x0000052b       0x34 /home/gazpar/workspace/gcc-arm-none-eabi-4_9-2014q4/bin/../lib/gcc/arm-none-eabi/4.9.3/../../../../arm-none-eabi/lib/armv7e-m/fpu/libg.a(lib_a-svfprintf.o)
 .ARM.attributes
                0x0000055f       0x34 /home/gazpar/workspace/gcc-arm-none-eabi-4_9-2014q4/bin/../lib/gcc/arm-none-eabi/4.9.3/../../../../arm-none-eabi/lib/armv7e-m/fpu/libg.a(lib_a-dtoa.o)
 .ARM.attributes
                0x00000593       0x34 /home/gazpar/workspace/gcc-arm-none-eabi-4_9-2014q4/bin/../lib/gcc/arm-none-eabi/4.9.3/../../../../arm-none-eabi/lib/armv7e-m/fpu/libg.a(lib_a-locale.o)
 .ARM.attributes
                0x000005c7       0x34 /home/gazpar/workspace/gcc-arm-none-eabi-4_9-2014q4/bin/../lib/gcc/arm-none-eabi/4.9.3/../../../../arm-none-eabi/lib/armv7e-m/fpu/libg.a(lib_a-mallocr.o)
 .ARM.attributes
                0x000005fb       0x34 /home/gazpar/workspace/gcc-arm-none-eabi-4_9-2014q4/bin/../lib/gcc/arm-none-eabi/4.9.3/../../../../arm-none-eabi/lib/armv7e-m/fpu/libg.a(lib_a-memchr.o)
 .ARM.attributes
                0x0000062f       0x34 /home/gazpar/workspace/gcc-arm-none-eabi-4_9-2014q4/bin/../lib/gcc/arm-none-eabi/4.9.3/../../../../arm-none-eabi/lib/armv7e-m/fpu/libg.a(lib_a-mlock.o)
 .ARM.attributes
                0x00000663       0x34 /home/gazpar/workspace/gcc-arm-none-eabi-4_9-2014q4/bin/../lib/gcc/arm-none-eabi/4.9.3/../../../../arm-none-eabi/lib/armv7e-m/fpu/libg.a(lib_a-mprec.o)
 .ARM.attributes
                0x00000697       0x34 /home/gazpar/workspace/gcc-arm-none-eabi-4_9-2014q4/bin/../lib/gcc/arm-none-eabi/4.9.3/../../../../arm-none-eabi/lib/armv7e-m/fpu/libg.a(lib_a-s_fpclassify.o)
 .ARM.attributes
                0x000006cb       0x34 /home/gazpar/workspace/gcc-arm-none-eabi-4_9-2014q4/bin/../lib/gcc/arm-none-eabi/4.9.3/../../../../arm-none-eabi/lib/armv7e-m/fpu/libg.a(lib_a-sbrkr.o)
 .ARM.attributes
                0x000006ff       0x20 /home/gazpar/workspace/gcc-arm-none-eabi-4_9-2014q4/bin/../lib/gcc/arm-none-eabi/4.9.3/../../../../arm-none-eabi/lib/armv7e-m/fpu/libg.a(lib_a-strcmp.o)
 .ARM.attributes
                0x0000071f       0x34 /home/gazpar/workspace/gcc-arm-none-eabi-4_9-2014q4/bin/../lib/gcc/arm-none-eabi/4.9.3/../../../../arm-none-eabi/lib/armv7e-m/fpu/libg.a(lib_a-svfiprintf.o)
 .ARM.attributes
                0x00000753       0x34 /home/gazpar/workspace/gcc-arm-none-eabi-4_9-2014q4/bin/../lib/gcc/arm-none-eabi/4.9.3/../../../../arm-none-eabi/lib/armv7e-m/fpu/libg.a(lib_a-callocr.o)
 .ARM.attributes
                0x00000787       0x34 /home/gazpar/workspace/gcc-arm-none-eabi-4_9-2014q4/bin/../lib/gcc/arm-none-eabi/4.9.3/../../../../arm-none-eabi/lib/armv7e-m/fpu/libg.a(lib_a-freer.o)
 .ARM.attributes
                0x000007bb       0x34 /home/gazpar/workspace/gcc-arm-none-eabi-4_9-2014q4/bin/../lib/gcc/arm-none-eabi/4.9.3/../../../../arm-none-eabi/lib/armv7e-m/fpu/libg.a(lib_a-memmove.o)
 .ARM.attributes
                0x000007ef       0x34 /home/gazpar/workspace/gcc-arm-none-eabi-4_9-2014q4/bin/../lib/gcc/arm-none-eabi/4.9.3/../../../../arm-none-eabi/lib/armv7e-m/fpu/libg.a(lib_a-memset.o)
 .ARM.attributes
                0x00000823       0x34 /home/gazpar/workspace/gcc-arm-none-eabi-4_9-2014q4/bin/../lib/gcc/arm-none-eabi/4.9.3/../../../../arm-none-eabi/lib/armv7e-m/fpu/libg.a(lib_a-reallocr.o)
 .ARM.attributes
                0x00000857       0x22 /home/gazpar/workspace/gcc-arm-none-eabi-4_9-2014q4/bin/../lib/gcc/arm-none-eabi/4.9.3/armv7e-m/fpu/libgcc.a(_arm_addsubdf3.o)
 .ARM.attributes
                0x00000879       0x22 /home/gazpar/workspace/gcc-arm-none-eabi-4_9-2014q4/bin/../lib/gcc/arm-none-eabi/4.9.3/armv7e-m/fpu/libgcc.a(_arm_muldivdf3.o)
 .ARM.attributes
                0x0000089b       0x22 /home/gazpar/workspace/gcc-arm-none-eabi-4_9-2014q4/bin/../lib/gcc/arm-none-eabi/4.9.3/armv7e-m/fpu/libgcc.a(_arm_cmpdf2.o)
 .ARM.attributes
                0x000008bd       0x22 /home/gazpar/workspace/gcc-arm-none-eabi-4_9-2014q4/bin/../lib/gcc/arm-none-eabi/4.9.3/armv7e-m/fpu/libgcc.a(_arm_fixdfsi.o)
 .ARM.attributes
                0x000008df       0x22 /home/gazpar/workspace/gcc-arm-none-eabi-4_9-2014q4/bin/../lib/gcc/arm-none-eabi/4.9.3/armv7e-m/fpu/libgcc.a(_aeabi_uldivmod.o)
 .ARM.attributes
                0x00000901       0x34 /home/gazpar/workspace/gcc-arm-none-eabi-4_9-2014q4/bin/../lib/gcc/arm-none-eabi/4.9.3/armv7e-m/fpu/libgcc.a(bpabi.o)
 .ARM.attributes
                0x00000935       0x22 /home/gazpar/workspace/gcc-arm-none-eabi-4_9-2014q4/bin/../lib/gcc/arm-none-eabi/4.9.3/armv7e-m/fpu/libgcc.a(_dvmd_tls.o)
 .ARM.attributes
                0x00000957       0x34 /home/gazpar/workspace/gcc-arm-none-eabi-4_9-2014q4/bin/../lib/gcc/arm-none-eabi/4.9.3/armv7e-m/fpu/libgcc.a(_divdi3.o)
 .ARM.attributes
                0x0000098b       0x34 /home/gazpar/workspace/gcc-arm-none-eabi-4_9-2014q4/bin/../lib/gcc/arm-none-eabi/4.9.3/armv7e-m/fpu/libgcc.a(_udivdi3.o)

.debug
 *(.debug)

.line
 *(.line)

.debug_srcinfo
 *(.debug_srcinfo)

.debug_sfnames
 *(.debug_sfnames)

.debug_aranges  0x00000000      0x840
 *(.debug_aranges)
 .debug_aranges
                0x00000000       0x80 ./system/src/stm32f3-stdperiph/stm32f30x_gpio.o
 .debug_aranges
                0x00000080      0x150 ./system/src/stm32f3-stdperiph/stm32f30x_rcc.o
 .debug_aranges
                0x000001d0      0x1a0 ./system/src/stm32f3-stdperiph/stm32f30x_usart.o
 .debug_aranges
                0x00000370       0x28 ./system/src/newlib/_exit.o
 .debug_aranges
                0x00000398       0x20 ./system/src/newlib/_sbrk.o
 .debug_aranges
                0x000003b8       0x40 ./system/src/newlib/_startup.o
 .debug_aranges
                0x000003f8       0xd0 ./system/src/newlib/_syscalls.o
 .debug_aranges
                0x000004c8       0x28 ./system/src/newlib/assert.o
 .debug_aranges
                0x000004f0       0x38 ./system/src/diag/Trace.o
 .debug_aranges
                0x00000528       0x28 ./system/src/diag/trace_impl.o
 .debug_aranges
                0x00000550       0x28 ./system/src/cortexm/_initialize_hardware.o
 .debug_aranges
                0x00000578       0x68 ./system/src/cortexm/exception_handlers.o
 .debug_aranges
                0x000005e0       0x28 ./system/src/cmsis/system_stm32f30x.o
 .debug_aranges
                0x00000608       0x20 ./system/src/cmsis/vectors_stm32f30x.o
 .debug_aranges
                0x00000628       0x40 ./src/main.o
 .debug_aranges
                0x00000668       0x38 ./FreeRTOS/heap_2.o
 .debug_aranges
                0x000006a0       0x40 ./FreeRTOS/list.o
 .debug_aranges
                0x000006e0       0x78 ./FreeRTOS/port.o
 .debug_aranges
                0x00000758       0xe8 ./FreeRTOS/tasks.o

.debug_pubnames
 *(.debug_pubnames)

.debug_info     0x00000000     0x80c4
 *(.debug_info .gnu.linkonce.wi.*)
 .debug_info    0x00000000      0xa6c ./system/src/stm32f3-stdperiph/stm32f30x_gpio.o
 .debug_info    0x00000a6c      0xf96 ./system/src/stm32f3-stdperiph/stm32f30x_rcc.o
 .debug_info    0x00001a02     0x1bba ./system/src/stm32f3-stdperiph/stm32f30x_usart.o
 .debug_info    0x000035bc      0x100 ./system/src/newlib/_exit.o
 .debug_info    0x000036bc      0x125 ./system/src/newlib/_sbrk.o
 .debug_info    0x000037e1      0x4fc ./system/src/newlib/_startup.o
 .debug_info    0x00003cdd      0x8f3 ./system/src/newlib/_syscalls.o
 .debug_info    0x000045d0      0x1ce ./system/src/newlib/assert.o
 .debug_info    0x0000479e      0x31d ./system/src/diag/Trace.o
 .debug_info    0x00004abb      0x3f8 ./system/src/diag/trace_impl.o
 .debug_info    0x00004eb3      0x2aa ./system/src/cortexm/_initialize_hardware.o
 .debug_info    0x0000515d       0xe9 ./system/src/cortexm/exception_handlers.o
 .debug_info    0x00005246      0x4c0 ./system/src/cmsis/system_stm32f30x.o
 .debug_info    0x00005706       0x92 ./system/src/cmsis/vectors_stm32f30x.o
 .debug_info    0x00005798      0xa8e ./src/main.o
 .debug_info    0x00006226      0x34a ./FreeRTOS/heap_2.o
 .debug_info    0x00006570      0x2a3 ./FreeRTOS/list.o
 .debug_info    0x00006813      0x34f ./FreeRTOS/port.o
 .debug_info    0x00006b62     0x1562 ./FreeRTOS/tasks.o

.debug_abbrev   0x00000000     0x1c83
 *(.debug_abbrev)
 .debug_abbrev  0x00000000      0x20a ./system/src/stm32f3-stdperiph/stm32f30x_gpio.o
 .debug_abbrev  0x0000020a      0x228 ./system/src/stm32f3-stdperiph/stm32f30x_rcc.o
 .debug_abbrev  0x00000432      0x1f6 ./system/src/stm32f3-stdperiph/stm32f30x_usart.o
 .debug_abbrev  0x00000628       0xa4 ./system/src/newlib/_exit.o
 .debug_abbrev  0x000006cc       0xbb ./system/src/newlib/_sbrk.o
 .debug_abbrev  0x00000787      0x22f ./system/src/newlib/_startup.o
 .debug_abbrev  0x000009b6      0x178 ./system/src/newlib/_syscalls.o
 .debug_abbrev  0x00000b2e       0xc9 ./system/src/newlib/assert.o
 .debug_abbrev  0x00000bf7      0x191 ./system/src/diag/Trace.o
 .debug_abbrev  0x00000d88      0x1a0 ./system/src/diag/trace_impl.o
 .debug_abbrev  0x00000f28       0xe7 ./system/src/cortexm/_initialize_hardware.o
 .debug_abbrev  0x0000100f       0x65 ./system/src/cortexm/exception_handlers.o
 .debug_abbrev  0x00001074      0x148 ./system/src/cmsis/system_stm32f30x.o
 .debug_abbrev  0x000011bc       0x92 ./system/src/cmsis/vectors_stm32f30x.o
 .debug_abbrev  0x0000124e      0x1ff ./src/main.o
 .debug_abbrev  0x0000144d      0x1e0 ./FreeRTOS/heap_2.o
 .debug_abbrev  0x0000162d       0xdf ./FreeRTOS/list.o
 .debug_abbrev  0x0000170c      0x1bd ./FreeRTOS/port.o
 .debug_abbrev  0x000018c9      0x3ba ./FreeRTOS/tasks.o

.debug_line     0x00000000     0x60b2
 *(.debug_line)
 .debug_line    0x00000000      0x8a9 ./system/src/stm32f3-stdperiph/stm32f30x_gpio.o
 .debug_line    0x000008a9      0xb19 ./system/src/stm32f3-stdperiph/stm32f30x_rcc.o
 .debug_line    0x000013c2     0x1155 ./system/src/stm32f3-stdperiph/stm32f30x_usart.o
 .debug_line    0x00002517      0x2ad ./system/src/newlib/_exit.o
 .debug_line    0x000027c4      0x259 ./system/src/newlib/_sbrk.o
 .debug_line    0x00002a1d      0x32c ./system/src/newlib/_startup.o
 .debug_line    0x00002d49      0x4c3 ./system/src/newlib/_syscalls.o
 .debug_line    0x0000320c      0x2e8 ./system/src/newlib/assert.o
 .debug_line    0x000034f4      0x31f ./system/src/diag/Trace.o
 .debug_line    0x00003813      0x54a ./system/src/diag/trace_impl.o
 .debug_line    0x00003d5d      0x484 ./system/src/cortexm/_initialize_hardware.o
 .debug_line    0x000041e1       0xbf ./system/src/cortexm/exception_handlers.o
 .debug_line    0x000042a0      0x4bb ./system/src/cmsis/system_stm32f30x.o
 .debug_line    0x0000475b       0x8e ./system/src/cmsis/vectors_stm32f30x.o
 .debug_line    0x000047e9      0x626 ./src/main.o
 .debug_line    0x00004e0f      0x399 ./FreeRTOS/heap_2.o
 .debug_line    0x000051a8      0x384 ./FreeRTOS/list.o
 .debug_line    0x0000552c      0x38e ./FreeRTOS/port.o
 .debug_line    0x000058ba      0x7f8 ./FreeRTOS/tasks.o

.debug_frame    0x00000000     0x1e18
 *(.debug_frame)
 .debug_frame   0x00000000      0x1a0 ./system/src/stm32f3-stdperiph/stm32f30x_gpio.o
 .debug_frame   0x000001a0      0x3cc ./system/src/stm32f3-stdperiph/stm32f30x_rcc.o
 .debug_frame   0x0000056c      0x584 ./system/src/stm32f3-stdperiph/stm32f30x_usart.o
 .debug_frame   0x00000af0       0x38 ./system/src/newlib/_exit.o
 .debug_frame   0x00000b28       0x28 ./system/src/newlib/_sbrk.o
 .debug_frame   0x00000b50       0x84 ./system/src/newlib/_startup.o
 .debug_frame   0x00000bd4      0x230 ./system/src/newlib/_syscalls.o
 .debug_frame   0x00000e04       0x40 ./system/src/newlib/assert.o
 .debug_frame   0x00000e44       0xa0 ./system/src/diag/Trace.o
 .debug_frame   0x00000ee4       0x48 ./system/src/diag/trace_impl.o
 .debug_frame   0x00000f2c       0x38 ./system/src/cortexm/_initialize_hardware.o
 .debug_frame   0x00000f64       0xb8 ./system/src/cortexm/exception_handlers.o
 .debug_frame   0x0000101c       0x44 ./system/src/cmsis/system_stm32f30x.o
 .debug_frame   0x00001060       0x20 ./system/src/cmsis/vectors_stm32f30x.o
 .debug_frame   0x00001080       0xa0 ./src/main.o
 .debug_frame   0x00001120       0x74 ./FreeRTOS/heap_2.o
 .debug_frame   0x00001194       0x88 ./FreeRTOS/list.o
 .debug_frame   0x0000121c       0xec ./FreeRTOS/port.o
 .debug_frame   0x00001308      0x2cc ./FreeRTOS/tasks.o
 .debug_frame   0x000015d4       0x20 /home/gazpar/workspace/gcc-arm-none-eabi-4_9-2014q4/bin/../lib/gcc/arm-none-eabi/4.9.3/../../../../arm-none-eabi/lib/armv7e-m/fpu/libg.a(lib_a-errno.o)
 .debug_frame   0x000015f4       0x20 /home/gazpar/workspace/gcc-arm-none-eabi-4_9-2014q4/bin/../lib/gcc/arm-none-eabi/4.9.3/../../../../arm-none-eabi/lib/armv7e-m/fpu/libg.a(lib_a-strlen.o)
 .debug_frame   0x00001614       0x60 /home/gazpar/workspace/gcc-arm-none-eabi-4_9-2014q4/bin/../lib/gcc/arm-none-eabi/4.9.3/../../../../arm-none-eabi/lib/armv7e-m/fpu/libg.a(lib_a-vsnprintf.o)
 .debug_frame   0x00001674       0x40 /home/gazpar/workspace/gcc-arm-none-eabi-4_9-2014q4/bin/../lib/gcc/arm-none-eabi/4.9.3/../../../../arm-none-eabi/lib/armv7e-m/fpu/libg.a(lib_a-svfprintf.o)
 .debug_frame   0x000016b4       0x88 /home/gazpar/workspace/gcc-arm-none-eabi-4_9-2014q4/bin/../lib/gcc/arm-none-eabi/4.9.3/../../../../arm-none-eabi/lib/armv7e-m/fpu/libg.a(lib_a-dtoa.o)
 .debug_frame   0x0000173c       0x9c /home/gazpar/workspace/gcc-arm-none-eabi-4_9-2014q4/bin/../lib/gcc/arm-none-eabi/4.9.3/../../../../arm-none-eabi/lib/armv7e-m/fpu/libg.a(lib_a-locale.o)
 .debug_frame   0x000017d8       0x58 /home/gazpar/workspace/gcc-arm-none-eabi-4_9-2014q4/bin/../lib/gcc/arm-none-eabi/4.9.3/../../../../arm-none-eabi/lib/armv7e-m/fpu/libg.a(lib_a-mallocr.o)
 .debug_frame   0x00001830       0x3c /home/gazpar/workspace/gcc-arm-none-eabi-4_9-2014q4/bin/../lib/gcc/arm-none-eabi/4.9.3/../../../../arm-none-eabi/lib/armv7e-m/fpu/libg.a(lib_a-memchr.o)
 .debug_frame   0x0000186c       0x30 /home/gazpar/workspace/gcc-arm-none-eabi-4_9-2014q4/bin/../lib/gcc/arm-none-eabi/4.9.3/../../../../arm-none-eabi/lib/armv7e-m/fpu/libg.a(lib_a-mlock.o)
 .debug_frame   0x0000189c      0x268 /home/gazpar/workspace/gcc-arm-none-eabi-4_9-2014q4/bin/../lib/gcc/arm-none-eabi/4.9.3/../../../../arm-none-eabi/lib/armv7e-m/fpu/libg.a(lib_a-mprec.o)
 .debug_frame   0x00001b04       0x34 /home/gazpar/workspace/gcc-arm-none-eabi-4_9-2014q4/bin/../lib/gcc/arm-none-eabi/4.9.3/../../../../arm-none-eabi/lib/armv7e-m/fpu/libg.a(lib_a-s_fpclassify.o)
 .debug_frame   0x00001b38       0x2c /home/gazpar/workspace/gcc-arm-none-eabi-4_9-2014q4/bin/../lib/gcc/arm-none-eabi/4.9.3/../../../../arm-none-eabi/lib/armv7e-m/fpu/libg.a(lib_a-sbrkr.o)
 .debug_frame   0x00001b64       0x78 /home/gazpar/workspace/gcc-arm-none-eabi-4_9-2014q4/bin/../lib/gcc/arm-none-eabi/4.9.3/../../../../arm-none-eabi/lib/armv7e-m/fpu/libg.a(lib_a-svfiprintf.o)
 .debug_frame   0x00001bdc       0x28 /home/gazpar/workspace/gcc-arm-none-eabi-4_9-2014q4/bin/../lib/gcc/arm-none-eabi/4.9.3/../../../../arm-none-eabi/lib/armv7e-m/fpu/libg.a(lib_a-callocr.o)
 .debug_frame   0x00001c04       0x74 /home/gazpar/workspace/gcc-arm-none-eabi-4_9-2014q4/bin/../lib/gcc/arm-none-eabi/4.9.3/../../../../arm-none-eabi/lib/armv7e-m/fpu/libg.a(lib_a-freer.o)
 .debug_frame   0x00001c78       0x30 /home/gazpar/workspace/gcc-arm-none-eabi-4_9-2014q4/bin/../lib/gcc/arm-none-eabi/4.9.3/../../../../arm-none-eabi/lib/armv7e-m/fpu/libg.a(lib_a-memmove.o)
 .debug_frame   0x00001ca8       0x34 /home/gazpar/workspace/gcc-arm-none-eabi-4_9-2014q4/bin/../lib/gcc/arm-none-eabi/4.9.3/../../../../arm-none-eabi/lib/armv7e-m/fpu/libg.a(lib_a-memset.o)
 .debug_frame   0x00001cdc       0x60 /home/gazpar/workspace/gcc-arm-none-eabi-4_9-2014q4/bin/../lib/gcc/arm-none-eabi/4.9.3/../../../../arm-none-eabi/lib/armv7e-m/fpu/libg.a(lib_a-reallocr.o)
 .debug_frame   0x00001d3c       0x28 /home/gazpar/workspace/gcc-arm-none-eabi-4_9-2014q4/bin/../lib/gcc/arm-none-eabi/4.9.3/armv7e-m/fpu/libgcc.a(_aeabi_uldivmod.o)
 .debug_frame   0x00001d64       0x50 /home/gazpar/workspace/gcc-arm-none-eabi-4_9-2014q4/bin/../lib/gcc/arm-none-eabi/4.9.3/armv7e-m/fpu/libgcc.a(bpabi.o)
 .debug_frame   0x00001db4       0x34 /home/gazpar/workspace/gcc-arm-none-eabi-4_9-2014q4/bin/../lib/gcc/arm-none-eabi/4.9.3/armv7e-m/fpu/libgcc.a(_divdi3.o)
 .debug_frame   0x00001de8       0x30 /home/gazpar/workspace/gcc-arm-none-eabi-4_9-2014q4/bin/../lib/gcc/arm-none-eabi/4.9.3/armv7e-m/fpu/libgcc.a(_udivdi3.o)

.debug_str      0x00000000    0x5faaa
 *(.debug_str)
 .debug_str     0x00000000    0x5416b ./system/src/stm32f3-stdperiph/stm32f30x_gpio.o
                              0x5430b (size before relaxing)
 .debug_str     0x0005416b      0xa68 ./system/src/stm32f3-stdperiph/stm32f30x_rcc.o
                              0x54a99 (size before relaxing)
 .debug_str     0x00054bd3      0x818 ./system/src/stm32f3-stdperiph/stm32f30x_usart.o
                              0x549ad (size before relaxing)
 .debug_str     0x000553eb     0x362d ./system/src/newlib/_exit.o
                               0x5e38 (size before relaxing)
 .debug_str     0x00058a18      0x4de ./system/src/newlib/_sbrk.o
                               0x45aa (size before relaxing)
 .debug_str     0x00058ef6      0x2cc ./system/src/newlib/_startup.o
                               0x4095 (size before relaxing)
 .debug_str     0x000591c2      0xe41 ./system/src/newlib/_syscalls.o
                               0x62ad (size before relaxing)
 .debug_str     0x0005a003       0xd0 ./system/src/newlib/assert.o
                               0x680b (size before relaxing)
 .debug_str     0x0005a0d3      0x8db ./system/src/diag/Trace.o
                               0x6678 (size before relaxing)
 .debug_str     0x0005a9ae       0xd7 ./system/src/diag/trace_impl.o
                              0x56a72 (size before relaxing)
 .debug_str     0x0005aa85       0xa2 ./system/src/cortexm/_initialize_hardware.o
                              0x5408c (size before relaxing)
 .debug_str     0x0005ab27       0xbd ./system/src/cortexm/exception_handlers.o
                               0x2630 (size before relaxing)
 .debug_str     0x0005abe4       0x7b ./system/src/cmsis/system_stm32f30x.o
                              0x54148 (size before relaxing)
 .debug_str     0x0005ac5f       0x57 ./system/src/cmsis/vectors_stm32f30x.o
                               0x25cd (size before relaxing)
 .debug_str     0x0005acb6     0x2df0 ./src/main.o
                              0x59516 (size before relaxing)
 .debug_str     0x0005daa6      0x3b7 ./FreeRTOS/heap_2.o
                               0x7815 (size before relaxing)
 .debug_str     0x0005de5d      0x11e ./FreeRTOS/list.o
                               0x717f (size before relaxing)
 .debug_str     0x0005df7b      0x6c1 ./FreeRTOS/port.o
                               0x67d1 (size before relaxing)
 .debug_str     0x0005e63c     0x146e ./FreeRTOS/tasks.o
                               0x9a5a (size before relaxing)

.debug_loc      0x00000000     0x47c2
 *(.debug_loc)
 .debug_loc     0x00000000      0x5a9 ./system/src/stm32f3-stdperiph/stm32f30x_gpio.o
 .debug_loc     0x000005a9      0xea9 ./system/src/stm32f3-stdperiph/stm32f30x_rcc.o
 .debug_loc     0x00001452     0x15a0 ./system/src/stm32f3-stdperiph/stm32f30x_usart.o
 .debug_loc     0x000029f2       0x5f ./system/src/newlib/_sbrk.o
 .debug_loc     0x00002a51      0x220 ./system/src/newlib/_startup.o
 .debug_loc     0x00002c71      0x549 ./system/src/newlib/_syscalls.o
 .debug_loc     0x000031ba      0x129 ./system/src/newlib/assert.o
 .debug_loc     0x000032e3      0x10f ./system/src/diag/Trace.o
 .debug_loc     0x000033f2       0xe3 ./system/src/diag/trace_impl.o
 .debug_loc     0x000034d5      0x109 ./system/src/cmsis/system_stm32f30x.o
 .debug_loc     0x000035de       0x89 ./src/main.o
 .debug_loc     0x00003667      0x1fb ./FreeRTOS/heap_2.o
 .debug_loc     0x00003862       0x69 ./FreeRTOS/list.o
 .debug_loc     0x000038cb       0x67 ./FreeRTOS/port.o
 .debug_loc     0x00003932      0xe90 ./FreeRTOS/tasks.o

.debug_macinfo
 *(.debug_macinfo)

.debug_weaknames
 *(.debug_weaknames)

.debug_funcnames
 *(.debug_funcnames)

.debug_typenames
 *(.debug_typenames)

.debug_varnames
 *(.debug_varnames)
OUTPUT(rtos_f3.elf elf32-littlearm)

.debug_ranges   0x00000000      0x918
 .debug_ranges  0x00000000       0x70 ./system/src/stm32f3-stdperiph/stm32f30x_gpio.o
 .debug_ranges  0x00000070      0x140 ./system/src/stm32f3-stdperiph/stm32f30x_rcc.o
 .debug_ranges  0x000001b0      0x190 ./system/src/stm32f3-stdperiph/stm32f30x_usart.o
 .debug_ranges  0x00000340       0x18 ./system/src/newlib/_exit.o
 .debug_ranges  0x00000358       0x10 ./system/src/newlib/_sbrk.o
 .debug_ranges  0x00000368       0x80 ./system/src/newlib/_startup.o
 .debug_ranges  0x000003e8       0xc0 ./system/src/newlib/_syscalls.o
 .debug_ranges  0x000004a8       0x18 ./system/src/newlib/assert.o
 .debug_ranges  0x000004c0       0x28 ./system/src/diag/Trace.o
 .debug_ranges  0x000004e8       0x58 ./system/src/diag/trace_impl.o
 .debug_ranges  0x00000540       0x18 ./system/src/cortexm/_initialize_hardware.o
 .debug_ranges  0x00000558       0x58 ./system/src/cortexm/exception_handlers.o
 .debug_ranges  0x000005b0       0x30 ./system/src/cmsis/system_stm32f30x.o
 .debug_ranges  0x000005e0       0x10 ./system/src/cmsis/vectors_stm32f30x.o
 .debug_ranges  0x000005f0       0x30 ./src/main.o
 .debug_ranges  0x00000620       0x78 ./FreeRTOS/heap_2.o
 .debug_ranges  0x00000698       0x30 ./FreeRTOS/list.o
 .debug_ranges  0x000006c8       0x68 ./FreeRTOS/port.o
 .debug_ranges  0x00000730      0x1e8 ./FreeRTOS/tasks.o

.debug_macro    0x00000000     0x4906
 .debug_macro   0x00000000      0x183 ./system/src/stm32f3-stdperiph/stm32f30x_gpio.o
 .debug_macro   0x00000183      0x116 ./system/src/stm32f3-stdperiph/stm32f30x_gpio.o
 .debug_macro   0x00000299      0x1b0 ./system/src/stm32f3-stdperiph/stm32f30x_gpio.o
 .debug_macro   0x00000449      0x220 ./system/src/stm32f3-stdperiph/stm32f30x_rcc.o
 .debug_macro   0x00000669      0x5c0 ./system/src/stm32f3-stdperiph/stm32f30x_rcc.o
 .debug_macro   0x00000c29      0x19b ./system/src/stm32f3-stdperiph/stm32f30x_usart.o
 .debug_macro   0x00000dc4      0x35e ./system/src/stm32f3-stdperiph/stm32f30x_usart.o
 .debug_macro   0x00001122      0x128 ./system/src/newlib/_exit.o
 .debug_macro   0x0000124a       0x9c ./system/src/newlib/_exit.o
 .debug_macro   0x000012e6      0x10e ./system/src/newlib/_exit.o
 .debug_macro   0x000013f4       0x86 ./system/src/newlib/_exit.o
 .debug_macro   0x0000147a       0x43 ./system/src/newlib/_exit.o
 .debug_macro   0x000014bd       0x35 ./system/src/newlib/_exit.o
 .debug_macro   0x000014f2      0x27a ./system/src/newlib/_exit.o
 .debug_macro   0x0000176c       0xd1 ./system/src/newlib/_sbrk.o
 .debug_macro   0x0000183d       0x19 ./system/src/newlib/_sbrk.o
 .debug_macro   0x00001856      0x16d ./system/src/newlib/_sbrk.o
 .debug_macro   0x000019c3       0x10 ./system/src/newlib/_sbrk.o
 .debug_macro   0x000019d3      0x23b ./system/src/newlib/_sbrk.o
 .debug_macro   0x00001c0e       0xf0 ./system/src/newlib/_startup.o
 .debug_macro   0x00001cfe      0x8a4 ./system/src/newlib/_startup.o
 .debug_macro   0x000025a2      0x17c ./system/src/newlib/_syscalls.o
 .debug_macro   0x0000271e       0x1c ./system/src/newlib/_syscalls.o
 .debug_macro   0x0000273a       0x10 ./system/src/newlib/_syscalls.o
 .debug_macro   0x0000274a       0x10 ./system/src/newlib/_syscalls.o
 .debug_macro   0x0000275a       0x10 ./system/src/newlib/_syscalls.o
 .debug_macro   0x0000276a       0x35 ./system/src/newlib/_syscalls.o
 .debug_macro   0x0000279f      0x121 ./system/src/newlib/_syscalls.o
 .debug_macro   0x000028c0       0x22 ./system/src/newlib/_syscalls.o
 .debug_macro   0x000028e2       0x2b ./system/src/newlib/_syscalls.o
 .debug_macro   0x0000290d      0x118 ./system/src/newlib/_syscalls.o
 .debug_macro   0x00002a25      0x13e ./system/src/newlib/_syscalls.o
 .debug_macro   0x00002b63       0x16 ./system/src/newlib/_syscalls.o
 .debug_macro   0x00002b79      0x153 ./system/src/newlib/assert.o
 .debug_macro   0x00002ccc       0x1c ./system/src/newlib/assert.o
 .debug_macro   0x00002ce8      0x14f ./system/src/diag/Trace.o
 .debug_macro   0x00002e37       0x16 ./system/src/diag/Trace.o
 .debug_macro   0x00002e4d       0x97 ./system/src/diag/Trace.o
 .debug_macro   0x00002ee4       0xf6 ./system/src/diag/Trace.o
 .debug_macro   0x00002fda       0x10 ./system/src/diag/Trace.o
 .debug_macro   0x00002fea       0x16 ./system/src/diag/Trace.o
 .debug_macro   0x00003000      0x16d ./system/src/diag/Trace.o
 .debug_macro   0x0000316d       0x52 ./system/src/diag/Trace.o
 .debug_macro   0x000031bf       0x16 ./system/src/diag/Trace.o
 .debug_macro   0x000031d5      0x250 ./system/src/diag/trace_impl.o
 .debug_macro   0x00003425       0x10 ./system/src/diag/trace_impl.o
 .debug_macro   0x00003435       0xc8 ./system/src/diag/trace_impl.o
 .debug_macro   0x000034fd       0xbe ./system/src/diag/trace_impl.o
 .debug_macro   0x000035bb      0x183 ./system/src/cortexm/_initialize_hardware.o
 .debug_macro   0x0000373e       0x1b ./system/src/cortexm/exception_handlers.o
 .debug_macro   0x00003759      0x17f ./system/src/cmsis/system_stm32f30x.o
 .debug_macro   0x000038d8       0x1b ./system/src/cmsis/vectors_stm32f30x.o
 .debug_macro   0x000038f3      0x289 ./src/main.o
 .debug_macro   0x00003b7c       0xfa ./src/main.o
 .debug_macro   0x00003c76       0x52 ./src/main.o
 .debug_macro   0x00003cc8       0xdd ./src/main.o
 .debug_macro   0x00003da5       0x10 ./src/main.o
 .debug_macro   0x00003db5       0x1f ./src/main.o
 .debug_macro   0x00003dd4      0x3a0 ./src/main.o
 .debug_macro   0x00004174       0xc0 ./src/main.o
 .debug_macro   0x00004234       0x70 ./src/main.o
 .debug_macro   0x000042a4       0x10 ./src/main.o
 .debug_macro   0x000042b4      0x178 ./FreeRTOS/heap_2.o
 .debug_macro   0x0000442c      0x14a ./FreeRTOS/list.o
 .debug_macro   0x00004576      0x169 ./FreeRTOS/port.o
 .debug_macro   0x000046df      0x211 ./FreeRTOS/tasks.o
 .debug_macro   0x000048f0       0x16 ./FreeRTOS/tasks.o
